%!Adobe-FontList 1.18
%Locale:0x409

%BeginFont
Handler:DirectoryHandler
FontType:TrueType
FontName:AkzidenzGrotesk-Black
FamilyName:Akzidenz Grotesk Roman
StyleName:Bold
MenuName:Akzidenz Grotesk Roman
StyleBits:2
WeightClass:700
WidthClass:5
AngleClass:0
FullName:Akzidenz Grotesk Roman Bold
WritingScript:Roman
OutlineFileName:\Akzidenz Grotesk Roman Bold.ttf
DataFormat:sfntData
hasSVG:no
FileLength:75360
FileModTime:925929744
NameArray:0,Mac,4,Akzidenz Grotesk Roman Bold
NameArray:0,Win,1,Akzidenz Grotesk Roman
%EndFont

%BeginFont
Handler:DirectoryHandler
FontType:Type1
FontName:Dax-Bold
FamilyName:Dax
StyleName:Bold
MenuName:Dax
StyleBits:2
WeightClass:700
WidthClass:5
AngleClass:0
FullName:Dax-Bold
WritingScript:Roman
OutlineFileName:\Dax-Bold.otf
DataFormat:sfntData
UsesStandardEncoding:yes
isCFF:yes
hasSVG:no
FileLength:29056
FileModTime:1177982788
NameArray:0,Mac,4,Dax-Bold
NameArray:0,Win,1,Dax
%EndFont

%BeginFont
Handler:DirectoryHandler
FontType:Type1
FontName:Dax-Light
FamilyName:Dax Light
StyleName:Regular
MenuName:Dax Light
StyleBits:0
WeightClass:300
WidthClass:5
AngleClass:0
FullName:Dax-Light
WritingScript:Roman
OutlineFileName:\Dax-Light.otf
DataFormat:sfntData
UsesStandardEncoding:yes
isCFF:yes
hasSVG:no
FileLength:28532
FileModTime:1177982789
NameArray:0,Mac,4,Dax-Light
NameArray:0,Win,1,Dax Light
%EndFont

%BeginFont
Handler:DirectoryHandler
FontType:Type1
FontName:Dax-Medium
FamilyName:Dax
StyleName:Medium
MenuName:Dax
StyleBits:0
WeightClass:500
WidthClass:5
AngleClass:0
FullName:Dax-Medium
WritingScript:Roman
OutlineFileName:\Dax-Medium.otf
DataFormat:sfntData
UsesStandardEncoding:yes
isCFF:yes
hasSVG:no
FileLength:29004
FileModTime:1177982789
NameArray:0,Mac,4,Dax-Medium
NameArray:0,Win,1,Dax
%EndFont

%BeginFont
Handler:DirectoryHandler
FontType:Type1
FontName:FuturaEF-Book
FamilyName:FuturaEF Book
StyleName:Regular
MenuName:FuturaEF Book
StyleBits:0
WeightClass:500
WidthClass:5
AngleClass:0
FullName:FuturaEF-Book
WritingScript:Roman
OutlineFileName:\FuturaEF-Book.otf
DataFormat:sfntData
UsesStandardEncoding:yes
isCFF:yes
hasSVG:no
FileLength:25108
FileModTime:1177899436
NameArray:0,Mac,4,FuturaEF-Book
NameArray:0,Win,1,FuturaEF Book
%EndFont

%BeginFont
Handler:DirectoryHandler
FontType:Type1
FontName:FuturaEF-DemiBoldObl
FamilyName:FuturaEF DemiBoldObl
StyleName:Regular
MenuName:FuturaEF DemiBoldObl
StyleBits:2
WeightClass:700
WidthClass:5
AngleClass:1
FullName:FuturaEF-DemiBoldObl
WritingScript:Roman
OutlineFileName:\FuturaEF-DemiBoldObl.otf
DataFormat:sfntData
UsesStandardEncoding:yes
isCFF:yes
hasSVG:no
FileLength:26120
FileModTime:1177899436
NameArray:0,Mac,4,FuturaEF-DemiBoldObl
NameArray:0,Win,1,FuturaEF DemiBoldObl
%EndFont

%BeginFont
Handler:DirectoryHandler
FontType:Type1
FontName:FuturaEF-Heavy
FamilyName:FuturaEF Heavy
StyleName:Regular
MenuName:FuturaEF Heavy
StyleBits:0
WeightClass:500
WidthClass:5
AngleClass:0
FullName:FuturaEF-Heavy
WritingScript:Roman
OutlineFileName:\FuturaEF-Heavy.otf
DataFormat:sfntData
UsesStandardEncoding:yes
isCFF:yes
hasSVG:no
FileLength:28060
FileModTime:1177899436
NameArray:0,Mac,4,FuturaEF-Heavy
NameArray:0,Win,1,FuturaEF Heavy
%EndFont

%BeginFont
Handler:DirectoryHandler
FontType:Type1
FontName:WhitechapelBB
FamilyName:Whitechapel BB
StyleName:Regular
MenuName:Whitechapel BB
StyleBits:0
WeightClass:400
WidthClass:5
AngleClass:0
FullName:Whitechapel BB
WritingScript:Roman
OutlineFileName:\whitechapelbb.otf
DataFormat:sfntData
UsesStandardEncoding:yes
isCFF:yes
hasSVG:no
FileLength:49996
FileModTime:1135705330
NameArray:0,Mac,4,Whitechapel BB
NameArray:0,Win,1,Whitechapel BB
%EndFont

